
Allocating common symbols
Common symbol       size              file

pid_pool            0x28              build/thread.o
kbd_buf             0x82c             build/keyboard.o
root_dir            0x208             build/dir.o
thread_ready_list   0x10              build/thread.o
thread_all_list     0x10              build/thread.o
user_pool           0x2c              build/memory.o
channel_cnt         0x1               build/ide.o
cur_part            0x4               build/fs.o
k_block_descs       0xa8              build/memory.o
idle_thread         0x4               build/thread.o
intr_name           0x204             build/interrupt.o
main_thread         0x4               build/thread.o
channels            0xcc0             build/ide.o
ticks               0x4               build/timer.o
kernel_vaddr        0xc               build/memory.o
syscall_table       0x80              build/syscall-init.o
idt_table           0x204             build/interrupt.o
file_table          0x180             build/file.o
partition_list      0x10              build/ide.o
kernel_pool         0x2c              build/memory.o

Discarded input sections

 .note.GNU-stack
                0x0000000000000000        0x0 build/main.o
 .note.GNU-stack
                0x0000000000000000        0x0 build/init.o
 .note.GNU-stack
                0x0000000000000000        0x0 build/interrupt.o
 .note.GNU-stack
                0x0000000000000000        0x0 build/timer.o
 .note.GNU-stack
                0x0000000000000000        0x0 build/debug.o
 .note.GNU-stack
                0x0000000000000000        0x0 build/memory.o
 .note.GNU-stack
                0x0000000000000000        0x0 build/bitmap.o
 .note.GNU-stack
                0x0000000000000000        0x0 build/string.o
 .note.GNU-stack
                0x0000000000000000        0x0 build/thread.o
 .note.GNU-stack
                0x0000000000000000        0x0 build/list.o
 .note.GNU-stack
                0x0000000000000000        0x0 build/console.o
 .note.GNU-stack
                0x0000000000000000        0x0 build/sync.o
 .note.GNU-stack
                0x0000000000000000        0x0 build/keyboard.o
 .note.GNU-stack
                0x0000000000000000        0x0 build/ioqueue.o
 .note.GNU-stack
                0x0000000000000000        0x0 build/tss.o
 .note.GNU-stack
                0x0000000000000000        0x0 build/process.o
 .note.GNU-stack
                0x0000000000000000        0x0 build/syscall.o
 .note.GNU-stack
                0x0000000000000000        0x0 build/syscall-init.o
 .note.GNU-stack
                0x0000000000000000        0x0 build/stdio.o
 .note.GNU-stack
                0x0000000000000000        0x0 build/ide.o
 .note.GNU-stack
                0x0000000000000000        0x0 build/stdio-kernel.o
 .note.GNU-stack
                0x0000000000000000        0x0 build/fs.o
 .note.GNU-stack
                0x0000000000000000        0x0 build/inode.o
 .note.GNU-stack
                0x0000000000000000        0x0 build/file.o
 .note.GNU-stack
                0x0000000000000000        0x0 build/dir.o
 .note.GNU-stack
                0x0000000000000000        0x0 build/fork.o
 .note.GNU-stack
                0x0000000000000000        0x0 build/shell.o
 .note.GNU-stack
                0x0000000000000000        0x0 build/assert.o
 .note.GNU-stack
                0x0000000000000000        0x0 build/buildin_cmd.o
 .note.GNU-stack
                0x0000000000000000        0x0 build/exec.o
 .note.GNU-stack
                0x0000000000000000        0x0 build/wait_exit.o
 .note.GNU-stack
                0x0000000000000000        0x0 build/pipe.o

Memory Configuration

Name             Origin             Length             Attributes
*default*        0x0000000000000000 0xffffffffffffffff

Linker script and memory map

Address of section .text set to 0xc0001500
LOAD build/main.o
LOAD build/init.o
LOAD build/interrupt.o
LOAD build/timer.o
LOAD build/kernel.o
LOAD build/print.o
LOAD build/debug.o
LOAD build/memory.o
LOAD build/bitmap.o
LOAD build/string.o
LOAD build/thread.o
LOAD build/list.o
LOAD build/switch.o
LOAD build/console.o
LOAD build/sync.o
LOAD build/keyboard.o
LOAD build/ioqueue.o
LOAD build/tss.o
LOAD build/process.o
LOAD build/syscall.o
LOAD build/syscall-init.o
LOAD build/stdio.o
LOAD build/ide.o
LOAD build/stdio-kernel.o
LOAD build/fs.o
LOAD build/inode.o
LOAD build/file.o
LOAD build/dir.o
LOAD build/fork.o
LOAD build/shell.o
LOAD build/assert.o
LOAD build/buildin_cmd.o
LOAD build/exec.o
LOAD build/wait_exit.o
LOAD build/pipe.o
                [!provide]                        PROVIDE (__executable_start, 0x8048000)
                0x0000000008048094                . = (0x8048000 + SIZEOF_HEADERS)

.interp
 *(.interp)

.note.gnu.build-id
 *(.note.gnu.build-id)

.hash
 *(.hash)

.gnu.hash
 *(.gnu.hash)

.dynsym
 *(.dynsym)

.dynstr
 *(.dynstr)

.gnu.version
 *(.gnu.version)

.gnu.version_d
 *(.gnu.version_d)

.gnu.version_r
 *(.gnu.version_r)

.rel.dyn        0x0000000008048094        0x0
 *(.rel.init)
 *(.rel.text .rel.text.* .rel.gnu.linkonce.t.*)
 .rel.text      0x0000000008048094        0x0 build/main.o
 *(.rel.fini)
 *(.rel.rodata .rel.rodata.* .rel.gnu.linkonce.r.*)
 *(.rel.data.rel.ro .rel.data.rel.ro.* .rel.gnu.linkonce.d.rel.ro.*)
 *(.rel.data .rel.data.* .rel.gnu.linkonce.d.*)
 *(.rel.tdata .rel.tdata.* .rel.gnu.linkonce.td.*)
 *(.rel.tbss .rel.tbss.* .rel.gnu.linkonce.tb.*)
 *(.rel.ctors)
 *(.rel.dtors)
 *(.rel.got)
 *(.rel.bss .rel.bss.* .rel.gnu.linkonce.b.*)
 *(.rel.ifunc)

.rel.plt        0x0000000008048094        0x0
 *(.rel.plt)
                [!provide]                        PROVIDE (__rel_iplt_start, .)
 *(.rel.iplt)
                [!provide]                        PROVIDE (__rel_iplt_end, .)

.init
 *(SORT(.init))

.plt
 *(.plt)
 *(.iplt)

.plt.got
 *(.plt.got)

.text           0x00000000c0001500     0xc89c
 *(.text.unlikely .text.*_unlikely .text.unlikely.*)
 *(.text.exit .text.exit.*)
 *(.text.startup .text.startup.*)
 *(.text.hot .text.hot.*)
 *(.text .stub .text.* .gnu.linkonce.t.*)
 .text          0x00000000c0001500       0xb2 build/main.o
                0x00000000c0001500                main
                0x00000000c0001547                init
 .text          0x00000000c00015b2       0x4b build/init.o
                0x00000000c00015b2                init_all
 .text          0x00000000c00015fd      0x480 build/interrupt.o
                0x00000000c000196b                intr_enable
                0x00000000c0001994                intr_disable
                0x00000000c00019bd                intr_set_status
                0x00000000c00019db                intr_get_status
                0x00000000c00019ff                register_handler
                0x00000000c0001a1b                idt_init
 .text          0x00000000c0001a7d      0x209 build/timer.o
                0x00000000c0001bd4                mtime_sleep
                0x00000000c0001c26                timer_init
 *fill*         0x00000000c0001c86        0xa 
 .text          0x00000000c0001c90      0x55b build/kernel.o
                0x00000000c0001c90                intr_exit
                0x00000000c00021c7                syscall_handler
 *fill*         0x00000000c00021eb        0x5 
 .text          0x00000000c00021f0      0x1b1 build/print.o
                0x00000000c00021f0                put_str
                0x00000000c000220e                put_char
                0x00000000c00022db                cls_screen
                0x00000000c000231a                put_int
                0x00000000c000237d                set_cursor
 .text          0x00000000c00023a1       0xa5 build/debug.o
                0x00000000c00023a1                panic_spin
 .text          0x00000000c0002446     0x121e build/memory.o
                0x00000000c0002576                pte_ptr
                0x00000000c00025a6                pde_ptr
                0x00000000c0002746                malloc_page
                0x00000000c0002810                get_kernel_pages
                0x00000000c000286c                get_user_pages
                0x00000000c00028c8                get_a_page
                0x00000000c0002a4e                get_a_page_without_opvaddrbitmap
                0x00000000c0002ac9                addr_v2p
                0x00000000c0002b1c                sys_malloc
                0x00000000c0002e4b                pfree
                0x00000000c0002f8e                mfree_page
                0x00000000c000316b                sys_free
                0x00000000c000352e                block_desc_init
                0x00000000c00035bc                free_a_phy_page
                0x00000000c0003623                mem_init
 .text          0x00000000c0003664      0x266 build/bitmap.o
                0x00000000c0003664                bitmap_init
                0x00000000c000368b                bitmap_scan_test
                0x00000000c00036cb                bitmap_scan
                0x00000000c000380f                bitmap_set
 .text          0x00000000c00038ca      0x442 build/string.o
                0x00000000c00038ca                memset
                0x00000000c0003926                memcpy
                0x00000000c0003990                memcmp
                0x00000000c0003a20                strcpy
                0x00000000c0003a80                strlen
                0x00000000c0003ad6                strcmp
                0x00000000c0003b5c                strchr
                0x00000000c0003bc1                strrchr
                0x00000000c0003c2a                strcat
                0x00000000c0003c9f                strchrs
 .text          0x00000000c0003d0c      0xcf6 build/thread.o
                0x00000000c0003d22                running_thread
                0x00000000c0003deb                release_pid
                0x00000000c0003e3d                fork_pid
                0x00000000c0003e4a                thread_create
                0x00000000c0003ec0                init_thread
                0x00000000c0003fd2                thread_start
                0x00000000c000414d                schedule
                0x00000000c000429d                thread_block
                0x00000000c0004304                thread_unblock
                0x00000000c000440f                thread_yield
                0x00000000c00047f4                sys_ps
                0x00000000c0004841                thread_exit
                0x00000000c0004944                pid2thread
                0x00000000c0004983                thread_init
 .text          0x00000000c0004a02      0x1e3 build/list.o
                0x00000000c0004a02                list_init
                0x00000000c0004a2f                list_insert_before
                0x00000000c0004a70                list_push
                0x00000000c0004a8d                list_append
                0x00000000c0004aaa                list_remove
                0x00000000c0004ae0                list_pop
                0x00000000c0004aff                elem_find
                0x00000000c0004b3a                list_traversal
                0x00000000c0004b97                list_len
                0x00000000c0004bcc                list_empty
 *fill*         0x00000000c0004be5        0xb 
 .text          0x00000000c0004bf0       0x15 build/switch.o
                0x00000000c0004bf0                switch_to
 .text          0x00000000c0004c05       0x9a build/console.o
                0x00000000c0004c05                console_init
                0x00000000c0004c19                console_acquire
                0x00000000c0004c2d                console_release
                0x00000000c0004c41                console_put_str
                0x00000000c0004c5e                console_put_char
                0x00000000c0004c82                console_put_int
 .text          0x00000000c0004c9f      0x347 build/sync.o
                0x00000000c0004c9f                sema_init
                0x00000000c0004cc4                lock_init
                0x00000000c0004cf5                sema_down
                0x00000000c0004e09                sema_up
                0x00000000c0004ebf                lock_acquire
                0x00000000c0004f3b                lock_release
 .text          0x00000000c0004fe6      0x2de build/keyboard.o
                0x00000000c0005284                keyboard_init
 .text          0x00000000c00052c4      0x37a build/ioqueue.o
                0x00000000c00052c4                ioqueue_init
                0x00000000c000532b                ioq_full
                0x00000000c000546f                ioq_getchar
                0x00000000c0005525                ioq_putchar
                0x00000000c00055dd                ioq_length
 .text          0x00000000c000563e      0x1af build/tss.o
                0x00000000c000563e                update_tss_esp
                0x00000000c00056bf                tss_init
 .text          0x00000000c00057ed      0x365 build/process.o
                0x00000000c00057ed                start_process
                0x00000000c00058f3                page_dir_activate
                0x00000000c0005923                process_activate
                0x00000000c0005975                create_page_dir
                0x00000000c00059e6                create_user_vaddr_bitmap
                0x00000000c0005a28                process_execute
 .text          0x00000000c0005b52      0x34a build/syscall.o
                0x00000000c0005b52                getpid
                0x00000000c0005b67                write
                0x00000000c0005b8a                malloc
                0x00000000c0005ba9                free
                0x00000000c0005bc5                fork
                0x00000000c0005bda                read
                0x00000000c0005bfd                putchar
                0x00000000c0005c20                clear
                0x00000000c0005c32                getcwd
                0x00000000c0005c54                open
                0x00000000c0005c7d                close
                0x00000000c0005c9c                lseek
                0x00000000c0005cc6                unlink
                0x00000000c0005ce5                mkdir
                0x00000000c0005d04                opendir
                0x00000000c0005d23                closedir
                0x00000000c0005d42                rmdir
                0x00000000c0005d61                readdir
                0x00000000c0005d80                rewinddir
                0x00000000c0005d9c                stat
                0x00000000c0005dbe                chdir
                0x00000000c0005ddd                ps
                0x00000000c0005def                execv
                0x00000000c0005e11                exit
                0x00000000c0005e2d                wait
                0x00000000c0005e4c                pipe
                0x00000000c0005e6b                fd_redirect
                0x00000000c0005e8a                help
 .text          0x00000000c0005e9c      0x14a build/syscall-init.o
                0x00000000c0005e9c                sys_getpid
                0x00000000c0005eae                syscall_init
 .text          0x00000000c0005fe6      0x2bb build/stdio.o
                0x00000000c000606d                vsprintf
                0x00000000c00061f1                sprintf
                0x00000000c0006225                printf
 .text          0x00000000c00062a1      0xe04 build/ide.o
                0x00000000c00065bb                ide_read
                0x00000000c0006749                ide_write
                0x00000000c0006ddb                intr_hd_handler
                0x00000000c0006e9c                ide_init
 .text          0x00000000c00070a5       0x62 build/stdio-kernel.o
                0x00000000c00070a5                printk
 .text          0x00000000c0007107     0x2364 build/fs.o
                0x00000000c000780a                path_parse
                0x00000000c0007868                path_depth_cnt
                0x00000000c0007b92                sys_open
                0x00000000c0007dea                fd_local2global
                0x00000000c0007e3f                sys_close
                0x00000000c0007f36                sys_write
                0x00000000c000807a                sys_read
                0x00000000c00081c1                sys_lseek
                0x00000000c00082ae                sys_unlink
                0x00000000c00084d0                sys_mkdir
                0x00000000c00088fc                sys_opendir
                0x00000000c0008a14                sys_closedir
                0x00000000c0008a3e                sys_readdir
                0x00000000c0008a7b                sys_rewinddir
                0x00000000c0008a8a                sys_rmdir
                0x00000000c0008e50                sys_getcwd
                0x00000000c000907f                sys_chdir
                0x00000000c000910d                sys_stat
                0x00000000c0009234                sys_putchar
                0x00000000c0009251                sys_help
                0x00000000c0009265                filesys_init
 .text          0x00000000c000946b      0x825 build/inode.o
                0x00000000c000950f                inode_sync
                0x00000000c0009683                inode_open
                0x00000000c00097de                inode_close
                0x00000000c000984f                inode_delete
                0x00000000c00099b4                inode_release
                0x00000000c0009c3b                inode_init
 .text          0x00000000c0009c90     0x11f4 build/file.o
                0x00000000c0009c90                get_free_slot_in_global
                0x00000000c0009ce0                pcb_fd_install
                0x00000000c0009d49                inode_bitmap_alloc
                0x00000000c0009d97                block_bitmap_alloc
                0x00000000c0009df0                bitmap_sync
                0x00000000c0009e84                file_create
                0x00000000c000a159                file_open
                0x00000000c000a257                file_close
                0x00000000c000a296                file_write
                0x00000000c000aa93                file_read
 .text          0x00000000c000ae84      0xf63 build/dir.o
                0x00000000c000ae84                open_root_dir
                0x00000000c000aeb3                dir_open
                0x00000000c000aeee                search_dir_entry
                0x00000000c000b0d0                dir_close
                0x00000000c000b0fb                create_dir_entry
                0x00000000c000b171                sync_dir_entry
                0x00000000c000b5f5                delete_dir_entry
                0x00000000c000badf                dir_read
                0x00000000c000bcf3                dir_is_empty
                0x00000000c000bd1e                dir_remove
 .text          0x00000000c000bde7      0x52b build/fork.o
                0x00000000c000c1da                sys_fork
 .text          0x00000000c000c312      0x7b2 build/shell.o
                0x00000000c000c312                print_prompt
                0x00000000c000c82f                my_shell
 .text          0x00000000c000cac4       0x30 build/assert.o
                0x00000000c000cac4                user_spin
 .text          0x00000000c000caf4      0x8c3 build/buildin_cmd.o
                0x00000000c000cc78                make_clear_abs_path
                0x00000000c000cd3b                buildin_pwd
                0x00000000c000cd91                buildin_cd
                0x00000000c000ce11                buildin_ls
                0x00000000c000d1d3                buildin_ps
                0x00000000c000d1f4                buildin_clear
                0x00000000c000d215                buildin_mkdir
                0x00000000c000d29c                buildin_rmdir
                0x00000000c000d323                buildin_rm
                0x00000000c000d3aa                buildin_help
 .text          0x00000000c000d3b7      0x36a build/exec.o
                0x00000000c000d67a                sys_execv
 .text          0x00000000c000d721      0x437 build/wait_exit.o
                0x00000000c000d9ea                sys_wait
                0x00000000c000daa3                sys_exit
 .text          0x00000000c000db58      0x244 build/pipe.o
                0x00000000c000db58                is_pipe
                0x00000000c000db8c                sys_pipe
                0x00000000c000dc51                pipe_read
                0x00000000c000dcca                pipe_write
                0x00000000c000dd54                sys_fd_redirect
 *(.gnu.warning)

.fini
 *(SORT(.fini))
                [!provide]                        PROVIDE (__etext, .)
                [!provide]                        PROVIDE (_etext, .)
                [!provide]                        PROVIDE (etext, .)

.rodata         0x00000000c000dd9c     0x2934
 *(.rodata .rodata.* .gnu.linkonce.r.*)
 .rodata        0x00000000c000dd9c       0x98 build/main.o
 .rodata        0x00000000c000de34        0xa build/init.o
 *fill*         0x00000000c000de3e        0x2 
 .rodata        0x00000000c000de40      0x2d1 build/interrupt.o
 *fill*         0x00000000c000e111        0x3 
 .rodata        0x00000000c000e114       0x87 build/timer.o
 .rodata        0x00000000c000e19b       0x3f build/debug.o
 *fill*         0x00000000c000e1da        0x2 
 .rodata        0x00000000c000e1dc      0x3c1 build/memory.o
 *fill*         0x00000000c000e59d        0x3 
 .rodata        0x00000000c000e5a0       0x68 build/bitmap.o
 .rodata        0x00000000c000e608       0xb9 build/string.o
 *fill*         0x00000000c000e6c1        0x3 
 .rodata        0x00000000c000e6c4      0x3c9 build/thread.o
 *fill*         0x00000000c000ea8d        0x3 
 .rodata        0x00000000c000ea90      0x12f build/sync.o
 .rodata        0x00000000c000ebbf       0x36 build/keyboard.o
 *fill*         0x00000000c000ebf5        0x3 
 .rodata        0x00000000c000ebf8       0x9d build/ioqueue.o
 .rodata        0x00000000c000ec95       0x27 build/tss.o
 .rodata        0x00000000c000ecbc       0xdd build/process.o
 .rodata        0x00000000c000ed99       0x27 build/syscall-init.o
 .rodata        0x00000000c000edc0      0x1ef build/ide.o
 *fill*         0x00000000c000efaf        0x1 
 .rodata        0x00000000c000efb0      0xa1a build/fs.o
 *fill*         0x00000000c000f9ca        0x2 
 .rodata        0x00000000c000f9cc       0xbb build/inode.o
 *fill*         0x00000000c000fa87        0x1 
 .rodata        0x00000000c000fa88      0x41c build/file.o
 .rodata        0x00000000c000fea4      0x203 build/dir.o
 *fill*         0x00000000c00100a7        0x1 
 .rodata        0x00000000c00100a8      0x102 build/fork.o
 *fill*         0x00000000c00101aa        0x2 
 .rodata        0x00000000c00101ac      0x19e build/shell.o
 *fill*         0x00000000c001034a        0x2 
 .rodata        0x00000000c001034c       0x32 build/assert.o
 *fill*         0x00000000c001037e        0x2 
 .rodata        0x00000000c0010380      0x2fe build/buildin_cmd.o
 .rodata        0x00000000c001067e        0x8 build/exec.o
 *fill*         0x00000000c0010686        0x2 
 .rodata        0x00000000c0010688       0x48 build/wait_exit.o

.rodata1
 *(.rodata1)

.eh_frame_hdr
 *(.eh_frame_hdr)
 *(.eh_frame_entry .eh_frame_entry.*)

.eh_frame       0x00000000c00106d0     0x22b0
 *(.eh_frame)
 .eh_frame      0x00000000c00106d0       0x58 build/main.o
 .eh_frame      0x00000000c0010728       0x20 build/init.o
                                         0x38 (size before relaxing)
 .eh_frame      0x00000000c0010748      0x188 build/interrupt.o
                                        0x1a0 (size before relaxing)
 .eh_frame      0x00000000c00108d0       0xcc build/timer.o
                                         0xe4 (size before relaxing)
 .eh_frame      0x00000000c001099c       0x1c build/debug.o
                                         0x34 (size before relaxing)
 .eh_frame      0x00000000c00109b8      0x2e0 build/memory.o
                                        0x2f8 (size before relaxing)
 .eh_frame      0x00000000c0010c98       0x8c build/bitmap.o
                                         0xa4 (size before relaxing)
 .eh_frame      0x00000000c0010d24      0x140 build/string.o
                                        0x158 (size before relaxing)
 .eh_frame      0x00000000c0010e64      0x2bc build/thread.o
                                        0x2d4 (size before relaxing)
 .eh_frame      0x00000000c0011120      0x140 build/list.o
                                        0x158 (size before relaxing)
 .eh_frame      0x00000000c0011260       0xc0 build/console.o
                                         0xd8 (size before relaxing)
 .eh_frame      0x00000000c0011320       0xc8 build/sync.o
                                         0xe0 (size before relaxing)
 .eh_frame      0x00000000c00113e8       0x60 build/keyboard.o
                                         0x78 (size before relaxing)
 .eh_frame      0x00000000c0011448      0x120 build/ioqueue.o
                                        0x138 (size before relaxing)
 .eh_frame      0x00000000c0011568       0x64 build/tss.o
                                         0x7c (size before relaxing)
 .eh_frame      0x00000000c00115cc       0xc0 build/process.o
                                         0xd8 (size before relaxing)
 .eh_frame      0x00000000c001168c      0x3dc build/syscall.o
                                        0x3f4 (size before relaxing)
 .eh_frame      0x00000000c0011a68       0x40 build/syscall-init.o
                                         0x58 (size before relaxing)
 .eh_frame      0x00000000c0011aa8       0x94 build/stdio.o
                                         0xac (size before relaxing)
 .eh_frame      0x00000000c0011b3c      0x258 build/ide.o
                                        0x270 (size before relaxing)
 .eh_frame      0x00000000c0011d94       0x28 build/stdio-kernel.o
                                         0x40 (size before relaxing)
 .eh_frame      0x00000000c0011dbc      0x384 build/fs.o
                                        0x39c (size before relaxing)
 .eh_frame      0x00000000c0012140       0xec build/inode.o
                                        0x104 (size before relaxing)
 .eh_frame      0x00000000c001222c      0x140 build/file.o
                                        0x158 (size before relaxing)
 .eh_frame      0x00000000c001236c      0x164 build/dir.o
                                        0x17c (size before relaxing)
 .eh_frame      0x00000000c00124d0       0xc0 build/fork.o
                                         0xd8 (size before relaxing)
 .eh_frame      0x00000000c0012590       0x9c build/shell.o
                                         0xb4 (size before relaxing)
 .eh_frame      0x00000000c001262c       0x1c build/assert.o
                                         0x34 (size before relaxing)
 .eh_frame      0x00000000c0012648      0x174 build/buildin_cmd.o
                                        0x18c (size before relaxing)
 .eh_frame      0x00000000c00127bc       0x60 build/exec.o
                                         0x78 (size before relaxing)
 .eh_frame      0x00000000c001281c       0xc0 build/wait_exit.o
                                         0xd8 (size before relaxing)
 .eh_frame      0x00000000c00128dc       0xa4 build/pipe.o
                                         0xbc (size before relaxing)
 *(.eh_frame.*)

.gcc_except_table
 *(.gcc_except_table .gcc_except_table.*)

.gnu_extab
 *(.gnu_extab*)

.exception_ranges
 *(.exception_ranges .exception_ranges*)
                0x00000000c0014000                . = DATA_SEGMENT_ALIGN (0x1000, 0x1000)

.eh_frame
 *(.eh_frame)
 *(.eh_frame.*)

.gnu_extab
 *(.gnu_extab)

.gcc_except_table
 *(.gcc_except_table .gcc_except_table.*)

.exception_ranges
 *(.exception_ranges .exception_ranges*)

.tdata
 *(.tdata .tdata.* .gnu.linkonce.td.*)

.tbss
 *(.tbss .tbss.* .gnu.linkonce.tb.*)
 *(.tcommon)

.preinit_array  0x00000000c0014000        0x0
                [!provide]                        PROVIDE (__preinit_array_start, .)
 *(.preinit_array)
                [!provide]                        PROVIDE (__preinit_array_end, .)

.init_array     0x00000000c0014000        0x0
                [!provide]                        PROVIDE (__init_array_start, .)
 *(SORT(.init_array.*) SORT(.ctors.*))
 *(.init_array EXCLUDE_FILE(*crtend?.o *crtend.o *crtbegin?.o *crtbegin.o) .ctors)
                [!provide]                        PROVIDE (__init_array_end, .)

.fini_array     0x00000000c0014000        0x0
                [!provide]                        PROVIDE (__fini_array_start, .)
 *(SORT(.fini_array.*) SORT(.dtors.*))
 *(.fini_array EXCLUDE_FILE(*crtend?.o *crtend.o *crtbegin?.o *crtbegin.o) .dtors)
                [!provide]                        PROVIDE (__fini_array_end, .)

.ctors
 *crtbegin.o(.ctors)
 *crtbegin?.o(.ctors)
 *(EXCLUDE_FILE(*crtend?.o *crtend.o) .ctors)
 *(SORT(.ctors.*))
 *(.ctors)

.dtors
 *crtbegin.o(.dtors)
 *crtbegin?.o(.dtors)
 *(EXCLUDE_FILE(*crtend?.o *crtend.o) .dtors)
 *(SORT(.dtors.*))
 *(.dtors)

.jcr
 *(.jcr)

.data.rel.ro
 *(.data.rel.ro.local* .gnu.linkonce.d.rel.ro.local.*)
 *(.data.rel.ro .data.rel.ro.* .gnu.linkonce.d.rel.ro.*)

.dynamic
 *(.dynamic)

.got
 *(.got)
 *(.igot)
                0x00000000c0014000                . = DATA_SEGMENT_RELRO_END (., (SIZEOF (.got.plt) >= 0xc)?0xc:0x0)

.got.plt        0x00000000c0014000        0x0
 *(.got.plt)
 *(.igot.plt)

.data           0x00000000c0014000      0x15c
 *(.data .data.* .gnu.linkonce.d.*)
 .data          0x00000000c0014000        0x0 build/main.o
 .data          0x00000000c0014000        0x0 build/init.o
 .data          0x00000000c0014000        0x0 build/interrupt.o
 .data          0x00000000c0014000        0x0 build/timer.o
 .data          0x00000000c0014000       0xc0 build/kernel.o
                0x00000000c0014000                intr_entry_table
 .data          0x00000000c00140c0        0x8 build/print.o
 .data          0x00000000c00140c8        0x0 build/debug.o
 .data          0x00000000c00140c8        0x0 build/memory.o
 .data          0x00000000c00140c8        0x0 build/bitmap.o
 .data          0x00000000c00140c8        0x0 build/string.o
 .data          0x00000000c00140c8        0x0 build/thread.o
 .data          0x00000000c00140c8        0x0 build/list.o
 .data          0x00000000c00140c8        0x0 build/console.o
 .data          0x00000000c00140c8        0x0 build/sync.o
 *fill*         0x00000000c00140c8       0x18 
 .data          0x00000000c00140e0       0x76 build/keyboard.o
 .data          0x00000000c0014156        0x0 build/ioqueue.o
 .data          0x00000000c0014156        0x0 build/tss.o
 .data          0x00000000c0014156        0x0 build/process.o
 .data          0x00000000c0014156        0x0 build/syscall.o
 .data          0x00000000c0014156        0x0 build/syscall-init.o
 .data          0x00000000c0014156        0x0 build/stdio.o
 .data          0x00000000c0014156        0x0 build/ide.o
 .data          0x00000000c0014156        0x0 build/stdio-kernel.o
 .data          0x00000000c0014156        0x0 build/fs.o
 .data          0x00000000c0014156        0x0 build/inode.o
 .data          0x00000000c0014156        0x0 build/file.o
 .data          0x00000000c0014156        0x0 build/dir.o
 .data          0x00000000c0014156        0x0 build/fork.o
 *fill*         0x00000000c0014156        0x2 
 .data          0x00000000c0014158        0x4 build/shell.o
                0x00000000c0014158                argc
 .data          0x00000000c001415c        0x0 build/assert.o
 .data          0x00000000c001415c        0x0 build/buildin_cmd.o
 .data          0x00000000c001415c        0x0 build/exec.o
 .data          0x00000000c001415c        0x0 build/wait_exit.o
 .data          0x00000000c001415c        0x0 build/pipe.o

.data1
 *(.data1)
                0x00000000c001415c                _edata = .
                [!provide]                        PROVIDE (edata, .)
                0x00000000c001415c                . = .
                0x00000000c001415c                __bss_start = .

.bss            0x00000000c0014160     0x2ac8
 *(.dynbss)
 *(.bss .bss.* .gnu.linkonce.b.*)
 .bss           0x00000000c0014160        0x0 build/main.o
 .bss           0x00000000c0014160        0x0 build/init.o
 .bss           0x00000000c0014160      0x408 build/interrupt.o
 .bss           0x00000000c0014568        0x0 build/timer.o
 .bss           0x00000000c0014568        0x0 build/debug.o
 .bss           0x00000000c0014568        0x0 build/memory.o
 .bss           0x00000000c0014568        0x0 build/bitmap.o
 .bss           0x00000000c0014568        0x0 build/string.o
 *fill*         0x00000000c0014568       0x18 
 .bss           0x00000000c0014580       0x84 build/thread.o
                0x00000000c0014580                pid_bitmap_bits
 .bss           0x00000000c0014604        0x0 build/list.o
 .bss           0x00000000c0014604       0x1c build/console.o
 .bss           0x00000000c0014620        0x0 build/sync.o
 .bss           0x00000000c0014620       0x14 build/keyboard.o
 .bss           0x00000000c0014634        0x0 build/ioqueue.o
 *fill*         0x00000000c0014634        0xc 
 .bss           0x00000000c0014640       0x6c build/tss.o
 .bss           0x00000000c00146ac        0x0 build/process.o
 .bss           0x00000000c00146ac        0x0 build/syscall.o
 .bss           0x00000000c00146ac        0x0 build/syscall-init.o
 .bss           0x00000000c00146ac        0x0 build/stdio.o
 .bss           0x00000000c00146ac        0x6 build/ide.o
                0x00000000c00146ac                ext_lba_base
                0x00000000c00146b0                p_no
                0x00000000c00146b1                l_no
 .bss           0x00000000c00146b2        0x0 build/stdio-kernel.o
 .bss           0x00000000c00146b2        0x0 build/fs.o
 .bss           0x00000000c00146b2        0x0 build/inode.o
 .bss           0x00000000c00146b2        0x0 build/file.o
 .bss           0x00000000c00146b2        0x0 build/dir.o
 .bss           0x00000000c00146b2        0x0 build/fork.o
 *fill*         0x00000000c00146b2        0xe 
 .bss           0x00000000c00146c0      0x640 build/shell.o
                0x00000000c00146c0                final_path
                0x00000000c00148c0                cwd_cache
                0x00000000c0014ac0                argv
 .bss           0x00000000c0014d00        0x0 build/assert.o
 .bss           0x00000000c0014d00        0x0 build/buildin_cmd.o
 .bss           0x00000000c0014d00        0x0 build/exec.o
 .bss           0x00000000c0014d00        0x0 build/wait_exit.o
 .bss           0x00000000c0014d00        0x0 build/pipe.o
 *(COMMON)
 COMMON         0x00000000c0014d00      0x424 build/interrupt.o
                0x00000000c0014d00                intr_name
                0x00000000c0014f20                idt_table
 COMMON         0x00000000c0015124        0x4 build/timer.o
                0x00000000c0015124                ticks
 *fill*         0x00000000c0015128       0x18 
 COMMON         0x00000000c0015140      0x12c build/memory.o
                0x00000000c0015140                user_pool
                0x00000000c0015180                k_block_descs
                0x00000000c0015228                kernel_vaddr
                0x00000000c0015240                kernel_pool
 *fill*         0x00000000c001526c       0x14 
 COMMON         0x00000000c0015280       0x50 build/thread.o
                0x00000000c0015280                pid_pool
                0x00000000c00152a8                thread_ready_list
                0x00000000c00152b8                thread_all_list
                0x00000000c00152c8                idle_thread
                0x00000000c00152cc                main_thread
 *fill*         0x00000000c00152d0       0x10 
 COMMON         0x00000000c00152e0      0x82c build/keyboard.o
                0x00000000c00152e0                kbd_buf
 *fill*         0x00000000c0015b0c       0x14 
 COMMON         0x00000000c0015b20       0x80 build/syscall-init.o
                0x00000000c0015b20                syscall_table
 COMMON         0x00000000c0015ba0      0xcf0 build/ide.o
                0x00000000c0015ba0                channel_cnt
                0x00000000c0015bc0                channels
                0x00000000c0016880                partition_list
 COMMON         0x00000000c0016890        0x4 build/fs.o
                0x00000000c0016890                cur_part
 *fill*         0x00000000c0016894        0xc 
 COMMON         0x00000000c00168a0      0x180 build/file.o
                0x00000000c00168a0                file_table
 COMMON         0x00000000c0016a20      0x208 build/dir.o
                0x00000000c0016a20                root_dir
                0x00000000c0016c28                . = ALIGN ((. != 0x0)?0x4:0x1)
                0x00000000c0016c28                . = ALIGN (0x4)
                0x00000000c0016c28                . = SEGMENT_START ("ldata-segment", .)
                0x00000000c0016c28                . = ALIGN (0x4)
                0x00000000c0016c28                _end = .
                [!provide]                        PROVIDE (end, .)
                0x00000000c0016c28                . = DATA_SEGMENT_END (.)

.stab
 *(.stab)

.stabstr
 *(.stabstr)

.stab.excl
 *(.stab.excl)

.stab.exclstr
 *(.stab.exclstr)

.stab.index
 *(.stab.index)

.stab.indexstr
 *(.stab.indexstr)

.comment        0x0000000000000000       0x2d
 *(.comment)
 .comment       0x0000000000000000       0x2d build/main.o
                                         0x2e (size before relaxing)
 .comment       0x000000000000002d       0x2e build/init.o
 .comment       0x000000000000002d       0x2e build/interrupt.o
 .comment       0x000000000000002d       0x2e build/timer.o
 .comment       0x000000000000002d       0x2e build/debug.o
 .comment       0x000000000000002d       0x2e build/memory.o
 .comment       0x000000000000002d       0x2e build/bitmap.o
 .comment       0x000000000000002d       0x2e build/string.o
 .comment       0x000000000000002d       0x2e build/thread.o
 .comment       0x000000000000002d       0x2e build/list.o
 .comment       0x000000000000002d       0x2e build/console.o
 .comment       0x000000000000002d       0x2e build/sync.o
 .comment       0x000000000000002d       0x2e build/keyboard.o
 .comment       0x000000000000002d       0x2e build/ioqueue.o
 .comment       0x000000000000002d       0x2e build/tss.o
 .comment       0x000000000000002d       0x2e build/process.o
 .comment       0x000000000000002d       0x2e build/syscall.o
 .comment       0x000000000000002d       0x2e build/syscall-init.o
 .comment       0x000000000000002d       0x2e build/stdio.o
 .comment       0x000000000000002d       0x2e build/ide.o
 .comment       0x000000000000002d       0x2e build/stdio-kernel.o
 .comment       0x000000000000002d       0x2e build/fs.o
 .comment       0x000000000000002d       0x2e build/inode.o
 .comment       0x000000000000002d       0x2e build/file.o
 .comment       0x000000000000002d       0x2e build/dir.o
 .comment       0x000000000000002d       0x2e build/fork.o
 .comment       0x000000000000002d       0x2e build/shell.o
 .comment       0x000000000000002d       0x2e build/assert.o
 .comment       0x000000000000002d       0x2e build/buildin_cmd.o
 .comment       0x000000000000002d       0x2e build/exec.o
 .comment       0x000000000000002d       0x2e build/wait_exit.o
 .comment       0x000000000000002d       0x2e build/pipe.o

.debug
 *(.debug)

.line
 *(.line)

.debug_srcinfo
 *(.debug_srcinfo)

.debug_sfnames
 *(.debug_sfnames)

.debug_aranges
 *(.debug_aranges)

.debug_pubnames
 *(.debug_pubnames)

.debug_info
 *(.debug_info .gnu.linkonce.wi.*)

.debug_abbrev
 *(.debug_abbrev)

.debug_line
 *(.debug_line .debug_line.* .debug_line_end)

.debug_frame
 *(.debug_frame)

.debug_str
 *(.debug_str)

.debug_loc
 *(.debug_loc)

.debug_macinfo
 *(.debug_macinfo)

.debug_weaknames
 *(.debug_weaknames)

.debug_funcnames
 *(.debug_funcnames)

.debug_typenames
 *(.debug_typenames)

.debug_varnames
 *(.debug_varnames)

.debug_pubtypes
 *(.debug_pubtypes)

.debug_ranges
 *(.debug_ranges)

.debug_macro
 *(.debug_macro)

.gnu.attributes
 *(.gnu.attributes)

/DISCARD/
 *(.note.GNU-stack)
 *(.gnu_debuglink)
 *(.gnu.lto_*)
OUTPUT(build/kernel.bin elf32-i386)
